Analysis & Synthesis report for RiscvProcessor
Sat Feb 11 22:05:37 2023
Quartus II 64-Bit Version 13.1.0 Build 162 10/23/2013 SJ Web Edition


---------------------
; Table of Contents ;
---------------------
  1. Legal Notice
  2. Analysis & Synthesis Summary
  3. Analysis & Synthesis Settings
  4. Parallel Compilation
  5. Analysis & Synthesis Source Files Read
  6. Analysis & Synthesis Resource Usage Summary
  7. Analysis & Synthesis Resource Utilization by Entity
  8. General Register Statistics
  9. Parameter Settings for User Entity Instance: mux_N_bit:jumper
 10. Parameter Settings for User Entity Instance: mux_N_bit:ALU_mux
 11. Parameter Settings for User Entity Instance: mux_N_bit:data_memory_mux
 12. Parameter Settings for User Entity Instance: mux_N_bit:branching_mux
 13. Port Connectivity Checks: "alu_add_only:program_counter_4"
 14. Port Connectivity Checks: "maincontroller:maincontroller_module"
 15. Elapsed Time Per Partition
 16. Analysis & Synthesis Messages
 17. Analysis & Synthesis Suppressed Messages



----------------
; Legal Notice ;
----------------
Copyright (C) 1991-2013 Altera Corporation
Your use of Altera Corporation's design tools, logic functions 
and other software and tools, and its AMPP partner logic 
functions, and any output files from any of the foregoing 
(including device programming or simulation files), and any 
associated documentation or information are expressly subject 
to the terms and conditions of the Altera Program License 
Subscription Agreement, Altera MegaCore Function License 
Agreement, or other applicable license agreement, including, 
without limitation, that your use is for the sole purpose of 
programming logic devices manufactured by Altera and sold by 
Altera or its authorized distributors.  Please refer to the 
applicable agreement for further details.



+---------------------------------------------------------------------------------+
; Analysis & Synthesis Summary                                                    ;
+------------------------------------+--------------------------------------------+
; Analysis & Synthesis Status        ; Successful - Sat Feb 11 22:05:37 2023      ;
; Quartus II 64-Bit Version          ; 13.1.0 Build 162 10/23/2013 SJ Web Edition ;
; Revision Name                      ; RiscvProcessor                             ;
; Top-level Entity Name              ; main                                       ;
; Family                             ; Cyclone IV E                               ;
; Total logic elements               ; 0                                          ;
;     Total combinational functions  ; 0                                          ;
;     Dedicated logic registers      ; 0                                          ;
; Total registers                    ; 0                                          ;
; Total pins                         ; 3                                          ;
; Total virtual pins                 ; 0                                          ;
; Total memory bits                  ; 0                                          ;
; Embedded Multiplier 9-bit elements ; 0                                          ;
; Total PLLs                         ; 0                                          ;
+------------------------------------+--------------------------------------------+


+----------------------------------------------------------------------------------------------------------------------+
; Analysis & Synthesis Settings                                                                                        ;
+----------------------------------------------------------------------------+--------------------+--------------------+
; Option                                                                     ; Setting            ; Default Value      ;
+----------------------------------------------------------------------------+--------------------+--------------------+
; Device                                                                     ; EP4CE115F29C7      ;                    ;
; Top-level entity name                                                      ; main               ; RiscvProcessor     ;
; Family name                                                                ; Cyclone IV E       ; Cyclone IV GX      ;
; Use smart compilation                                                      ; Off                ; Off                ;
; Enable parallel Assembler and TimeQuest Timing Analyzer during compilation ; On                 ; On                 ;
; Enable compact report table                                                ; Off                ; Off                ;
; Restructure Multiplexers                                                   ; Auto               ; Auto               ;
; Create Debugging Nodes for IP Cores                                        ; Off                ; Off                ;
; Preserve fewer node names                                                  ; On                 ; On                 ;
; Disable OpenCore Plus hardware evaluation                                  ; Off                ; Off                ;
; Verilog Version                                                            ; Verilog_2001       ; Verilog_2001       ;
; VHDL Version                                                               ; VHDL_1993          ; VHDL_1993          ;
; State Machine Processing                                                   ; Auto               ; Auto               ;
; Safe State Machine                                                         ; Off                ; Off                ;
; Extract Verilog State Machines                                             ; On                 ; On                 ;
; Extract VHDL State Machines                                                ; On                 ; On                 ;
; Ignore Verilog initial constructs                                          ; Off                ; Off                ;
; Iteration limit for constant Verilog loops                                 ; 5000               ; 5000               ;
; Iteration limit for non-constant Verilog loops                             ; 250                ; 250                ;
; Add Pass-Through Logic to Inferred RAMs                                    ; On                 ; On                 ;
; Infer RAMs from Raw Logic                                                  ; On                 ; On                 ;
; Parallel Synthesis                                                         ; On                 ; On                 ;
; DSP Block Balancing                                                        ; Auto               ; Auto               ;
; NOT Gate Push-Back                                                         ; On                 ; On                 ;
; Power-Up Don't Care                                                        ; On                 ; On                 ;
; Remove Redundant Logic Cells                                               ; Off                ; Off                ;
; Remove Duplicate Registers                                                 ; On                 ; On                 ;
; Ignore CARRY Buffers                                                       ; Off                ; Off                ;
; Ignore CASCADE Buffers                                                     ; Off                ; Off                ;
; Ignore GLOBAL Buffers                                                      ; Off                ; Off                ;
; Ignore ROW GLOBAL Buffers                                                  ; Off                ; Off                ;
; Ignore LCELL Buffers                                                       ; Off                ; Off                ;
; Ignore SOFT Buffers                                                        ; On                 ; On                 ;
; Limit AHDL Integers to 32 Bits                                             ; Off                ; Off                ;
; Optimization Technique                                                     ; Balanced           ; Balanced           ;
; Carry Chain Length                                                         ; 70                 ; 70                 ;
; Auto Carry Chains                                                          ; On                 ; On                 ;
; Auto Open-Drain Pins                                                       ; On                 ; On                 ;
; Perform WYSIWYG Primitive Resynthesis                                      ; Off                ; Off                ;
; Auto ROM Replacement                                                       ; On                 ; On                 ;
; Auto RAM Replacement                                                       ; On                 ; On                 ;
; Auto DSP Block Replacement                                                 ; On                 ; On                 ;
; Auto Shift Register Replacement                                            ; Auto               ; Auto               ;
; Allow Shift Register Merging across Hierarchies                            ; Auto               ; Auto               ;
; Auto Clock Enable Replacement                                              ; On                 ; On                 ;
; Strict RAM Replacement                                                     ; Off                ; Off                ;
; Allow Synchronous Control Signals                                          ; On                 ; On                 ;
; Force Use of Synchronous Clear Signals                                     ; Off                ; Off                ;
; Auto RAM Block Balancing                                                   ; On                 ; On                 ;
; Auto RAM to Logic Cell Conversion                                          ; Off                ; Off                ;
; Auto Resource Sharing                                                      ; Off                ; Off                ;
; Allow Any RAM Size For Recognition                                         ; Off                ; Off                ;
; Allow Any ROM Size For Recognition                                         ; Off                ; Off                ;
; Allow Any Shift Register Size For Recognition                              ; Off                ; Off                ;
; Use LogicLock Constraints during Resource Balancing                        ; On                 ; On                 ;
; Ignore translate_off and synthesis_off directives                          ; Off                ; Off                ;
; Timing-Driven Synthesis                                                    ; On                 ; On                 ;
; Report Parameter Settings                                                  ; On                 ; On                 ;
; Report Source Assignments                                                  ; On                 ; On                 ;
; Report Connectivity Checks                                                 ; On                 ; On                 ;
; Ignore Maximum Fan-Out Assignments                                         ; Off                ; Off                ;
; Synchronization Register Chain Length                                      ; 2                  ; 2                  ;
; PowerPlay Power Optimization                                               ; Normal compilation ; Normal compilation ;
; HDL message level                                                          ; Level2             ; Level2             ;
; Suppress Register Optimization Related Messages                            ; Off                ; Off                ;
; Number of Removed Registers Reported in Synthesis Report                   ; 5000               ; 5000               ;
; Number of Swept Nodes Reported in Synthesis Report                         ; 5000               ; 5000               ;
; Number of Inverted Registers Reported in Synthesis Report                  ; 100                ; 100                ;
; Clock MUX Protection                                                       ; On                 ; On                 ;
; Auto Gated Clock Conversion                                                ; Off                ; Off                ;
; Block Design Naming                                                        ; Auto               ; Auto               ;
; SDC constraint protection                                                  ; Off                ; Off                ;
; Synthesis Effort                                                           ; Auto               ; Auto               ;
; Shift Register Replacement - Allow Asynchronous Clear Signal               ; On                 ; On                 ;
; Pre-Mapping Resynthesis Optimization                                       ; Off                ; Off                ;
; Analysis & Synthesis Message Level                                         ; Medium             ; Medium             ;
; Disable Register Merging Across Hierarchies                                ; Auto               ; Auto               ;
; Resource Aware Inference For Block RAM                                     ; On                 ; On                 ;
; Synthesis Seed                                                             ; 1                  ; 1                  ;
+----------------------------------------------------------------------------+--------------------+--------------------+


Parallel compilation was disabled, but you have multiple processors available. Enable parallel compilation to reduce compilation time.
+-------------------------------------+
; Parallel Compilation                ;
+----------------------------+--------+
; Processors                 ; Number ;
+----------------------------+--------+
; Number detected on machine ; 12     ;
; Maximum allowed            ; 1      ;
+----------------------------+--------+


+----------------------------------------------------------------------------------------------------------------------------------------------------------------------------------------+
; Analysis & Synthesis Source Files Read                                                                                                                                                 ;
+----------------------------------+-----------------+------------------------+------------------------------------------------------------------------------------------------+---------+
; File Name with User-Entered Path ; Used in Netlist ; File Type              ; File Name with Absolute Path                                                                   ; Library ;
+----------------------------------+-----------------+------------------------+------------------------------------------------------------------------------------------------+---------+
; alu.v                            ; yes             ; User Verilog HDL File  ; D:/ONEDRIVE/OneDrive - University of Moratuwa/Riscv_Imposters/impostor_32/alu.v                ;         ;
; alu_control.v                    ; yes             ; User Verilog HDL File  ; D:/ONEDRIVE/OneDrive - University of Moratuwa/Riscv_Imposters/impostor_32/alu_control.v        ;         ;
; register_file.v                  ; yes             ; User Verilog HDL File  ; D:/ONEDRIVE/OneDrive - University of Moratuwa/Riscv_Imposters/impostor_32/register_file.v      ;         ;
; maincontroller.v                 ; yes             ; User Verilog HDL File  ; D:/ONEDRIVE/OneDrive - University of Moratuwa/Riscv_Imposters/impostor_32/maincontroller.v     ;         ;
; data_memory.v                    ; yes             ; User Verilog HDL File  ; D:/ONEDRIVE/OneDrive - University of Moratuwa/Riscv_Imposters/impostor_32/data_memory.v        ;         ;
; mux_N_bit.v                      ; yes             ; User Verilog HDL File  ; D:/ONEDRIVE/OneDrive - University of Moratuwa/Riscv_Imposters/impostor_32/mux_N_bit.v          ;         ;
; instruction_memory.v             ; yes             ; User Verilog HDL File  ; D:/ONEDRIVE/OneDrive - University of Moratuwa/Riscv_Imposters/impostor_32/instruction_memory.v ;         ;
; program_counter.v                ; yes             ; User Verilog HDL File  ; D:/ONEDRIVE/OneDrive - University of Moratuwa/Riscv_Imposters/impostor_32/program_counter.v    ;         ;
; alu_add_only.v                   ; yes             ; User Verilog HDL File  ; D:/ONEDRIVE/OneDrive - University of Moratuwa/Riscv_Imposters/impostor_32/alu_add_only.v       ;         ;
; main.v                           ; yes             ; User Verilog HDL File  ; D:/ONEDRIVE/OneDrive - University of Moratuwa/Riscv_Imposters/impostor_32/main.v               ;         ;
; instruction_parser.v             ; yes             ; User Verilog HDL File  ; D:/ONEDRIVE/OneDrive - University of Moratuwa/Riscv_Imposters/impostor_32/instruction_parser.v ;         ;
; and_gate.v                       ; yes             ; User Verilog HDL File  ; D:/ONEDRIVE/OneDrive - University of Moratuwa/Riscv_Imposters/impostor_32/and_gate.v           ;         ;
+----------------------------------+-----------------+------------------------+------------------------------------------------------------------------------------------------+---------+


+-----------------------------------------------------+
; Analysis & Synthesis Resource Usage Summary         ;
+---------------------------------------------+-------+
; Resource                                    ; Usage ;
+---------------------------------------------+-------+
;                                             ;       ;
; Total combinational functions               ; 0     ;
; Logic element usage by number of LUT inputs ;       ;
;     -- 4 input functions                    ; 0     ;
;     -- 3 input functions                    ; 0     ;
;     -- <=2 input functions                  ; 0     ;
;                                             ;       ;
; Logic elements by mode                      ;       ;
;     -- normal mode                          ; 0     ;
;     -- arithmetic mode                      ; 0     ;
;                                             ;       ;
; Total registers                             ; 0     ;
;     -- Dedicated logic registers            ; 0     ;
;     -- I/O registers                        ; 0     ;
;                                             ;       ;
; I/O pins                                    ; 3     ;
; Embedded Multiplier 9-bit elements          ; 0     ;
; Maximum fan-out node                        ; clk   ;
; Maximum fan-out                             ; 1     ;
; Total fan-out                               ; 3     ;
; Average fan-out                             ; 0.50  ;
+---------------------------------------------+-------+


+-----------------------------------------------------------------------------------------------------------------------------------------------------------------------------+
; Analysis & Synthesis Resource Utilization by Entity                                                                                                                         ;
+----------------------------+-------------------+--------------+-------------+--------------+---------+-----------+------+--------------+---------------------+--------------+
; Compilation Hierarchy Node ; LC Combinationals ; LC Registers ; Memory Bits ; DSP Elements ; DSP 9x9 ; DSP 18x18 ; Pins ; Virtual Pins ; Full Hierarchy Name ; Library Name ;
+----------------------------+-------------------+--------------+-------------+--------------+---------+-----------+------+--------------+---------------------+--------------+
; |main                      ; 0 (0)             ; 0 (0)        ; 0           ; 0            ; 0       ; 0         ; 3    ; 0            ; |main               ; work         ;
+----------------------------+-------------------+--------------+-------------+--------------+---------+-----------+------+--------------+---------------------+--------------+
Note: For table entries with two numbers listed, the numbers in parentheses indicate the number of resources of the given type used by the specific entity alone. The numbers listed outside of parentheses indicate the total resources of the given type used by the specific entity and all of its sub-entities in the hierarchy.


+------------------------------------------------------+
; General Register Statistics                          ;
+----------------------------------------------+-------+
; Statistic                                    ; Value ;
+----------------------------------------------+-------+
; Total registers                              ; 0     ;
; Number of registers using Synchronous Clear  ; 0     ;
; Number of registers using Synchronous Load   ; 0     ;
; Number of registers using Asynchronous Clear ; 0     ;
; Number of registers using Asynchronous Load  ; 0     ;
; Number of registers using Clock Enable       ; 0     ;
; Number of registers using Preset             ; 0     ;
+----------------------------------------------+-------+


+---------------------------------------------------------------+
; Parameter Settings for User Entity Instance: mux_N_bit:jumper ;
+----------------+-------+--------------------------------------+
; Parameter Name ; Value ; Type                                 ;
+----------------+-------+--------------------------------------+
; N              ; 32    ; Signed Integer                       ;
+----------------+-------+--------------------------------------+
Note: In order to hide this table in the UI and the text report file, please set the "Show Parameter Settings in Synthesis Report" option in "Analysis and Synthesis Settings -> More Settings" to "Off".


+----------------------------------------------------------------+
; Parameter Settings for User Entity Instance: mux_N_bit:ALU_mux ;
+----------------+-------+---------------------------------------+
; Parameter Name ; Value ; Type                                  ;
+----------------+-------+---------------------------------------+
; N              ; 32    ; Signed Integer                        ;
+----------------+-------+---------------------------------------+
Note: In order to hide this table in the UI and the text report file, please set the "Show Parameter Settings in Synthesis Report" option in "Analysis and Synthesis Settings -> More Settings" to "Off".


+------------------------------------------------------------------------+
; Parameter Settings for User Entity Instance: mux_N_bit:data_memory_mux ;
+----------------+-------+-----------------------------------------------+
; Parameter Name ; Value ; Type                                          ;
+----------------+-------+-----------------------------------------------+
; N              ; 32    ; Signed Integer                                ;
+----------------+-------+-----------------------------------------------+
Note: In order to hide this table in the UI and the text report file, please set the "Show Parameter Settings in Synthesis Report" option in "Analysis and Synthesis Settings -> More Settings" to "Off".


+----------------------------------------------------------------------+
; Parameter Settings for User Entity Instance: mux_N_bit:branching_mux ;
+----------------+-------+---------------------------------------------+
; Parameter Name ; Value ; Type                                        ;
+----------------+-------+---------------------------------------------+
; N              ; 32    ; Signed Integer                              ;
+----------------+-------+---------------------------------------------+
Note: In order to hide this table in the UI and the text report file, please set the "Show Parameter Settings in Synthesis Report" option in "Analysis and Synthesis Settings -> More Settings" to "Off".


+------------------------------------------------------------+
; Port Connectivity Checks: "alu_add_only:program_counter_4" ;
+-------------+-------+----------+---------------------------+
; Port        ; Type  ; Severity ; Details                   ;
+-------------+-------+----------+---------------------------+
; in_b[31..3] ; Input ; Info     ; Stuck at GND              ;
; in_b[1..0]  ; Input ; Info     ; Stuck at GND              ;
; in_b[2]     ; Input ; Info     ; Stuck at VCC              ;
+-------------+-------+----------+---------------------------+


+-----------------------------------------------------------------------------------------------------------------------------------------------+
; Port Connectivity Checks: "maincontroller:maincontroller_module"                                                                              ;
+----------------+--------+----------+----------------------------------------------------------------------------------------------------------+
; Port           ; Type   ; Severity ; Details                                                                                                  ;
+----------------+--------+----------+----------------------------------------------------------------------------------------------------------+
; control_signal ; Output ; Warning  ; Declared by entity but not connected by instance. Logic that only feeds a dangling port will be removed. ;
; Alu0           ; Output ; Warning  ; Declared by entity but not connected by instance. Logic that only feeds a dangling port will be removed. ;
; Alu1           ; Output ; Warning  ; Declared by entity but not connected by instance. Logic that only feeds a dangling port will be removed. ;
+----------------+--------+----------+----------------------------------------------------------------------------------------------------------+


+-------------------------------+
; Elapsed Time Per Partition    ;
+----------------+--------------+
; Partition Name ; Elapsed Time ;
+----------------+--------------+
; Top            ; 00:00:00     ;
+----------------+--------------+


+-------------------------------+
; Analysis & Synthesis Messages ;
+-------------------------------+
Info: *******************************************************************
Info: Running Quartus II 64-Bit Analysis & Synthesis
    Info: Version 13.1.0 Build 162 10/23/2013 SJ Web Edition
    Info: Processing started: Sat Feb 11 22:05:36 2023
Info: Command: quartus_map --read_settings_files=on --write_settings_files=off Project1 -c RiscvProcessor
Warning (20028): Parallel compilation is not licensed and has been disabled
Info (12021): Found 1 design units, including 1 entities, in source file alu.v
    Info (12023): Found entity 1: alu
Warning (12019): Can't analyze file -- file controller.v is missing
Info (12021): Found 1 design units, including 1 entities, in source file alu_control.v
    Info (12023): Found entity 1: alu_control
Info (12021): Found 1 design units, including 1 entities, in source file register_file.v
    Info (12023): Found entity 1: register_file
Info (12021): Found 1 design units, including 1 entities, in source file maincontroller.v
    Info (12023): Found entity 1: maincontroller
Info (12021): Found 1 design units, including 1 entities, in source file data_memory.v
    Info (12023): Found entity 1: data_memory
Info (12021): Found 1 design units, including 1 entities, in source file mux_n_bit.v
    Info (12023): Found entity 1: mux_N_bit
Info (12021): Found 1 design units, including 1 entities, in source file sign_extension.v
    Info (12023): Found entity 1: sign_extension
Info (12021): Found 1 design units, including 1 entities, in source file instruction_memory.v
    Info (12023): Found entity 1: instruction_memory
Info (12021): Found 1 design units, including 1 entities, in source file program_counter.v
    Info (12023): Found entity 1: program_counter
Warning (12019): Can't analyze file -- file ImmediateGen.v is missing
Info (12021): Found 1 design units, including 1 entities, in source file alu_add_only.v
    Info (12023): Found entity 1: alu_add_only
Info (12021): Found 1 design units, including 1 entities, in source file main.v
    Info (12023): Found entity 1: main
Info (12021): Found 1 design units, including 1 entities, in source file instruction_parser.v
    Info (12023): Found entity 1: instruction_parser
Info (12021): Found 1 design units, including 1 entities, in source file and_gate.v
    Info (12023): Found entity 1: and_gate
Info (12021): Found 1 design units, including 1 entities, in source file itype.v
    Info (12023): Found entity 1: Itype
Warning (10236): Verilog HDL Implicit Net warning at alu_control.v(16): created implicit net for "funct3"
Warning (10236): Verilog HDL Implicit Net warning at main.v(164): created implicit net for "branch_zero"
Warning (10236): Verilog HDL Implicit Net warning at Itype.v(26): created implicit net for "Inst_addr"
Warning (10236): Verilog HDL Implicit Net warning at Itype.v(28): created implicit net for "inst"
Warning (10236): Verilog HDL Implicit Net warning at Itype.v(47): created implicit net for "RegW"
Warning (10236): Verilog HDL Implicit Net warning at Itype.v(48): created implicit net for "ReadRegData1"
Warning (10236): Verilog HDL Implicit Net warning at Itype.v(49): created implicit net for "ReadRegData2"
Warning (10236): Verilog HDL Implicit Net warning at Itype.v(54): created implicit net for "Aluop"
Warning (10236): Verilog HDL Implicit Net warning at Itype.v(55): created implicit net for "operation"
Warning (10236): Verilog HDL Implicit Net warning at Itype.v(63): created implicit net for "MemW"
Warning (10236): Verilog HDL Implicit Net warning at Itype.v(64): created implicit net for "MemR"
Warning (10236): Verilog HDL Implicit Net warning at Itype.v(77): created implicit net for "ScrB"
Warning (10236): Verilog HDL Implicit Net warning at Itype.v(78): created implicit net for "ALUsrc"
Info (12127): Elaborating entity "main" for the top level hierarchy
Warning (10034): Output port "led_indicator" at main.v(9) has no driver
Info (12128): Elaborating entity "program_counter" for hierarchy "program_counter:program_counter_module"
Info (12128): Elaborating entity "instruction_memory" for hierarchy "instruction_memory:instruction_memory_module"
Warning (10030): Net "Imemory[63..32]" at instruction_memory.v(5) has no driver or initial value, using a default initial value '0'
Info (12128): Elaborating entity "register_file" for hierarchy "register_file:register_file_module"
Warning (10240): Verilog HDL Always Construct warning at register_file.v(21): inferring latch(es) for variable "k", which holds its previous value in one or more paths through the always construct
Info (12128): Elaborating entity "data_memory" for hierarchy "data_memory:data_memory_module"
Info (12128): Elaborating entity "maincontroller" for hierarchy "maincontroller:maincontroller_module"
Info (12128): Elaborating entity "alu_control" for hierarchy "alu_control:alu_control_module"
Warning (10230): Verilog HDL assignment warning at alu_control.v(16): truncated value with size 3 to match size of target (1)
Warning (10235): Verilog HDL Always Construct warning at alu_control.v(20): variable "ALU_En" is read inside the Always Construct but isn't in the Always Construct's Event Control
Warning (10235): Verilog HDL Always Construct warning at alu_control.v(23): variable "alu_op" is read inside the Always Construct but isn't in the Always Construct's Event Control
Warning (10270): Verilog HDL Case Statement warning at alu_control.v(26): incomplete case statement has no default case item
Warning (10235): Verilog HDL Always Construct warning at alu_control.v(72): variable "funct3" is read inside the Always Construct but isn't in the Always Construct's Event Control
Warning (10199): Verilog HDL Case Statement warning at alu_control.v(77): case item expression never matches the case expression
Warning (10199): Verilog HDL Case Statement warning at alu_control.v(81): case item expression never matches the case expression
Warning (10199): Verilog HDL Case Statement warning at alu_control.v(85): case item expression never matches the case expression
Warning (10199): Verilog HDL Case Statement warning at alu_control.v(93): case item expression never matches the case expression
Warning (10235): Verilog HDL Always Construct warning at alu_control.v(106): variable "funct3" is read inside the Always Construct but isn't in the Always Construct's Event Control
Warning (10199): Verilog HDL Case Statement warning at alu_control.v(117): case item expression never matches the case expression
Warning (10199): Verilog HDL Case Statement warning at alu_control.v(122): case item expression never matches the case expression
Warning (10199): Verilog HDL Case Statement warning at alu_control.v(127): case item expression never matches the case expression
Warning (10235): Verilog HDL Always Construct warning at alu_control.v(137): variable "funct3" is read inside the Always Construct but isn't in the Always Construct's Event Control
Warning (10199): Verilog HDL Case Statement warning at alu_control.v(148): case item expression never matches the case expression
Warning (10199): Verilog HDL Case Statement warning at alu_control.v(153): case item expression never matches the case expression
Warning (10199): Verilog HDL Case Statement warning at alu_control.v(158): case item expression never matches the case expression
Warning (10199): Verilog HDL Case Statement warning at alu_control.v(163): case item expression never matches the case expression
Warning (10240): Verilog HDL Always Construct warning at alu_control.v(18): inferring latch(es) for variable "equal_comp", which holds its previous value in one or more paths through the always construct
Warning (10240): Verilog HDL Always Construct warning at alu_control.v(18): inferring latch(es) for variable "mem", which holds its previous value in one or more paths through the always construct
Warning (10240): Verilog HDL Always Construct warning at alu_control.v(18): inferring latch(es) for variable "out_to_alu", which holds its previous value in one or more paths through the always construct
Info (10041): Inferred latch for "out_to_alu[0]" at alu_control.v(20)
Info (10041): Inferred latch for "out_to_alu[1]" at alu_control.v(20)
Info (10041): Inferred latch for "out_to_alu[2]" at alu_control.v(20)
Info (10041): Inferred latch for "out_to_alu[3]" at alu_control.v(20)
Info (10041): Inferred latch for "mem[0]" at alu_control.v(20)
Info (10041): Inferred latch for "mem[1]" at alu_control.v(20)
Info (10041): Inferred latch for "mem[2]" at alu_control.v(20)
Info (10041): Inferred latch for "equal_comp[0]" at alu_control.v(20)
Info (10041): Inferred latch for "equal_comp[1]" at alu_control.v(20)
Info (12128): Elaborating entity "alu" for hierarchy "alu:alu_module"
Warning (10235): Verilog HDL Always Construct warning at alu.v(54): variable "Comparatorenable" is read inside the Always Construct but isn't in the Always Construct's Event Control
Warning (10235): Verilog HDL Always Construct warning at alu.v(55): variable "equal_inequal" is read inside the Always Construct but isn't in the Always Construct's Event Control
Warning (10235): Verilog HDL Always Construct warning at alu.v(68): variable "Comparatorenable" is read inside the Always Construct but isn't in the Always Construct's Event Control
Warning (10235): Verilog HDL Always Construct warning at alu.v(69): variable "equal_inequal" is read inside the Always Construct but isn't in the Always Construct's Event Control
Warning (10235): Verilog HDL Always Construct warning at alu.v(84): variable "Comparatorenable" is read inside the Always Construct but isn't in the Always Construct's Event Control
Warning (10235): Verilog HDL Always Construct warning at alu.v(85): variable "equal_inequal" is read inside the Always Construct but isn't in the Always Construct's Event Control
Info (12128): Elaborating entity "mux_N_bit" for hierarchy "mux_N_bit:jumper"
Info (12128): Elaborating entity "and_gate" for hierarchy "and_gate:branching_and"
Info (12128): Elaborating entity "alu_add_only" for hierarchy "alu_add_only:program_counter_4"
Info (12128): Elaborating entity "instruction_parser" for hierarchy "instruction_parser:instruction_parser"
Warning (10270): Verilog HDL Case Statement warning at instruction_parser.v(18): incomplete case statement has no default case item
Warning (10240): Verilog HDL Always Construct warning at instruction_parser.v(16): inferring latch(es) for variable "rd", which holds its previous value in one or more paths through the always construct
Warning (10240): Verilog HDL Always Construct warning at instruction_parser.v(16): inferring latch(es) for variable "rs1", which holds its previous value in one or more paths through the always construct
Warning (10240): Verilog HDL Always Construct warning at instruction_parser.v(16): inferring latch(es) for variable "rs2", which holds its previous value in one or more paths through the always construct
Warning (10240): Verilog HDL Always Construct warning at instruction_parser.v(16): inferring latch(es) for variable "imm", which holds its previous value in one or more paths through the always construct
Warning (10240): Verilog HDL Always Construct warning at instruction_parser.v(16): inferring latch(es) for variable "func", which holds its previous value in one or more paths through the always construct
Info (10041): Inferred latch for "func[0]" at instruction_parser.v(16)
Info (10041): Inferred latch for "func[1]" at instruction_parser.v(16)
Info (10041): Inferred latch for "func[2]" at instruction_parser.v(16)
Info (10041): Inferred latch for "func[3]" at instruction_parser.v(16)
Info (10041): Inferred latch for "imm[0]" at instruction_parser.v(16)
Info (10041): Inferred latch for "imm[1]" at instruction_parser.v(16)
Info (10041): Inferred latch for "imm[2]" at instruction_parser.v(16)
Info (10041): Inferred latch for "imm[3]" at instruction_parser.v(16)
Info (10041): Inferred latch for "imm[4]" at instruction_parser.v(16)
Info (10041): Inferred latch for "imm[5]" at instruction_parser.v(16)
Info (10041): Inferred latch for "imm[6]" at instruction_parser.v(16)
Info (10041): Inferred latch for "imm[7]" at instruction_parser.v(16)
Info (10041): Inferred latch for "imm[8]" at instruction_parser.v(16)
Info (10041): Inferred latch for "imm[9]" at instruction_parser.v(16)
Info (10041): Inferred latch for "imm[10]" at instruction_parser.v(16)
Info (10041): Inferred latch for "imm[11]" at instruction_parser.v(16)
Info (10041): Inferred latch for "imm[12]" at instruction_parser.v(16)
Info (10041): Inferred latch for "imm[13]" at instruction_parser.v(16)
Info (10041): Inferred latch for "imm[14]" at instruction_parser.v(16)
Info (10041): Inferred latch for "imm[15]" at instruction_parser.v(16)
Info (10041): Inferred latch for "imm[16]" at instruction_parser.v(16)
Info (10041): Inferred latch for "imm[17]" at instruction_parser.v(16)
Info (10041): Inferred latch for "imm[18]" at instruction_parser.v(16)
Info (10041): Inferred latch for "imm[19]" at instruction_parser.v(16)
Info (10041): Inferred latch for "imm[20]" at instruction_parser.v(16)
Info (10041): Inferred latch for "imm[21]" at instruction_parser.v(16)
Info (10041): Inferred latch for "imm[22]" at instruction_parser.v(16)
Info (10041): Inferred latch for "imm[23]" at instruction_parser.v(16)
Info (10041): Inferred latch for "imm[24]" at instruction_parser.v(16)
Info (10041): Inferred latch for "imm[25]" at instruction_parser.v(16)
Info (10041): Inferred latch for "imm[26]" at instruction_parser.v(16)
Info (10041): Inferred latch for "imm[27]" at instruction_parser.v(16)
Info (10041): Inferred latch for "imm[28]" at instruction_parser.v(16)
Info (10041): Inferred latch for "imm[29]" at instruction_parser.v(16)
Info (10041): Inferred latch for "imm[30]" at instruction_parser.v(16)
Info (10041): Inferred latch for "imm[31]" at instruction_parser.v(16)
Info (10041): Inferred latch for "rs2[0]" at instruction_parser.v(16)
Info (10041): Inferred latch for "rs2[1]" at instruction_parser.v(16)
Info (10041): Inferred latch for "rs2[2]" at instruction_parser.v(16)
Info (10041): Inferred latch for "rs2[3]" at instruction_parser.v(16)
Info (10041): Inferred latch for "rs2[4]" at instruction_parser.v(16)
Info (10041): Inferred latch for "rs1[0]" at instruction_parser.v(16)
Info (10041): Inferred latch for "rs1[1]" at instruction_parser.v(16)
Info (10041): Inferred latch for "rs1[2]" at instruction_parser.v(16)
Info (10041): Inferred latch for "rs1[3]" at instruction_parser.v(16)
Info (10041): Inferred latch for "rs1[4]" at instruction_parser.v(16)
Info (10041): Inferred latch for "rd[0]" at instruction_parser.v(16)
Info (10041): Inferred latch for "rd[1]" at instruction_parser.v(16)
Info (10041): Inferred latch for "rd[2]" at instruction_parser.v(16)
Info (10041): Inferred latch for "rd[3]" at instruction_parser.v(16)
Info (10041): Inferred latch for "rd[4]" at instruction_parser.v(16)
Warning (12241): 1 hierarchies have connectivity warnings - see the Connectivity Checks report folder
Warning (13024): Output pins are stuck at VCC or GND
    Warning (13410): Pin "led_indicator" is stuck at GND
Info (144001): Generated suppressed messages file D:/ONEDRIVE/OneDrive - University of Moratuwa/Riscv_Imposters/impostor_32/output_files/RiscvProcessor.map.smsg
Info (16010): Generating hard_block partition "hard_block:auto_generated_inst"
    Info (16011): Adding 0 node(s), including 0 DDIO, 0 PLL, 0 transceiver and 0 LCELL
Warning (21074): Design contains 2 input pin(s) that do not drive logic
    Warning (15610): No output dependent on input pin "clk"
    Warning (15610): No output dependent on input pin "reset"
Info (21057): Implemented 3 device resources after synthesis - the final resource count might be different
    Info (21058): Implemented 2 input pins
    Info (21059): Implemented 1 output pins
Info: Quartus II 64-Bit Analysis & Synthesis was successful. 0 errors, 58 warnings
    Info: Peak virtual memory: 4634 megabytes
    Info: Processing ended: Sat Feb 11 22:05:37 2023
    Info: Elapsed time: 00:00:01
    Info: Total CPU time (on all processors): 00:00:01


+------------------------------------------+
; Analysis & Synthesis Suppressed Messages ;
+------------------------------------------+
The suppressed messages can be found in D:/ONEDRIVE/OneDrive - University of Moratuwa/Riscv_Imposters/impostor_32/output_files/RiscvProcessor.map.smsg.


